// Vitest Snapshot v1, https://vitest.dev/guide/snapshot.html

exports[`e2e:app > GET / > should respond with api documentation (json) 1`] = `
{
  "openapi": "3.0.0",
  "info": {
    "title": "@flex-development/agecalc-api",
    "description": "Age calculator API",
    "version": "0.0.0",
    "contact": {}
  },
  "servers": [],
  "tags": [],
  "paths": {},
  "components": {
    "schemas": {}
  }
}
`;
